Microsoft Windows [Version 10.0.19041.450]
(c) 2020 Microsoft Corporation. All rights reserved.

C:\Users\hp>ssh iitp@172.16.27.178
iitp@172.16.27.178's password:
Welcome to Ubuntu 16.04.4 LTS (GNU/Linux 4.15.0-118-generic x86_64)

 * Documentation:  https://help.ubuntu.com
 * Management:     https://landscape.canonical.com
 * Support:        https://ubuntu.com/advantage

153 packages can be updated.
1 update is a security update.

New release '18.04.5 LTS' available.
Run 'do-release-upgrade' to upgrade to it.

Last login: Thu Oct  8 16:22:49 2020 from 192.168.101.95
iitp@iitp-virtual-machine:~$ cd /home/iitp
iitp@iitp-virtual-machine:~$ ls
altwordcount         bikef           Dockerfile                  gradlew              login.sh       scala-2.12.6                   uber123        youtubedata
assig2               build.gradle    docker-hello-world-example  gradlew.bat          Music          scala-2.12.6.tgz               Videos
assign6              Desktop         Documents                   hadoop-2.6.0         Pictures       settings.gradle                voting
Basement_trips.java  docker          Downloads                   hadoop-2.6.0.tar.gz  prime          spark-2.2.0-bin-hadoop2.6      vowelword
bike                 docker_assign5  examples.desktop            HelloWorld.class     Public         spark-2.2.0-bin-hadoop2.6.tgz  wordcount
bike123              docker-example  fact-gradle                 HelloWorld.java      sbt-1.0.0.tgz  Templates                      wordcount-100
iitp@iitp-virtual-machine:~$ cd bikef
iitp@iitp-virtual-machine:~/bikef$ ls
inputdata  Top5StartStn.class  Top5Startstn.java  Top5StartStn.java  Top5StartStn$SReducer.class  Top5StartStn$TMapper.class
iitp@iitp-virtual-machine:~/bikef$ cd inputdata
-bash: cd: inputdata: Not a directory
iitp@iitp-virtual-machine:~/bikef$ cd/home/iitp/bikef/inputdata
-bash: cd/home/iitp/bikef/inputdata: No such file or directory
iitp@iitp-virtual-machine:~/bikef$ ls
inputdata  Top5StartStn.class  Top5Startstn.java  Top5StartStn.java  Top5StartStn$SReducer.class  Top5StartStn$TMapper.class
iitp@iitp-virtual-machine:~/bikef$ cd inputdata
-bash: cd: inputdata: Not a directory
iitp@iitp-virtual-machine:~/bikef$ nano inputdata
iitp@iitp-virtual-machine:~/bikef$ iitp@iitp-virtual-machine:~/bikef$ cd /home/iitp
iitp@iitp-virtual-machine:~$ cd bikef
iitp@iitp-virtual-machine:~/bikef$ nano Top5StartStn.java
iitp@iitp-virtual-machine:~/bikef$ iitp@iitp-virtual-machine:~/bikef$ cd /home/iitp
iitp@iitp-virtual-machine:~$ cd /home/iitp/hadoop-2.6.0/sbin
iitp@iitp-virtual-machine:~/hadoop-2.6.0/sbin$ ./start-all.sh
This script is Deprecated. Instead use start-dfs.sh and start-yarn.sh
Starting namenodes on [localhost]
iitp@localhost's password:
localhost: namenode running as process 8590. Stop it first.
iitp@localhost's password:
localhost: datanode running as process 8760. Stop it first.
Starting secondary namenodes [0.0.0.0]
iitp@0.0.0.0's password:
0.0.0.0: secondarynamenode running as process 9061. Stop it first.
starting yarn daemons
resourcemanager running as process 9202. Stop it first.
iitp@localhost's password:
localhost: nodemanager running as process 9618. Stop it first.
iitp@iitp-virtual-machine:~/hadoop-2.6.0/sbin$ cd /home/iitp/hadoop-2.6.0/bin
iitp@iitp-virtual-machine:~/hadoop-2.6.0/bin$ ./hadoop fs -ls
Found 5 items
drwxr-xr-x   - iitp supergroup          0 2020-09-22 01:44 bike
drwxr-xr-x   - iitp supergroup          0 2020-10-08 16:04 bikef
drwxr-xr-x   - iitp supergroup          0 2020-09-22 01:31 inputdata
drwxr-xr-x   - iitp supergroup          0 2018-08-30 15:55 pageRank
drwxr-xr-x   - iitp supergroup          0 2020-09-22 10:39 uber100
iitp@iitp-virtual-machine:~/hadoop-2.6.0/bin$ ./hadoop fs -mkdir /bikef/inputdata
mkdir: `/bikef/inputdata': File exists
iitp@iitp-virtual-machine:~/hadoop-2.6.0/bin$ cd /home/iitp/hadoop-2.6.0/bin
iitp@iitp-virtual-machine:~/hadoop-2.6.0/bin$ ./hadoop dfs -put /home/iitp/bikef/inputdata /bikef/inputdata
DEPRECATED: Use of this script to execute hdfs command is deprecated.
Instead use the hdfs command for it.

put: `/bikef/inputdata/inputdata': File exists
iitp@iitp-virtual-machine:~/hadoop-2.6.0/bin$ ls
container-executor  hadoop  hadoop.cmd  hdfs  hdfs.cmd  mapred  mapred.cmd  rcc  test-container-executor  vowelword  vw.jar  yarn  yarn.cmd
iitp@iitp-virtual-machine:~/hadoop-2.6.0/bin$ cd bikef
-bash: cd: bikef: No such file or directory
iitp@iitp-virtual-machine:~/hadoop-2.6.0/bin$ ./hadoop fs -ls
Found 5 items
drwxr-xr-x   - iitp supergroup          0 2020-09-22 01:44 bike
drwxr-xr-x   - iitp supergroup          0 2020-10-08 16:04 bikef
drwxr-xr-x   - iitp supergroup          0 2020-09-22 01:31 inputdata
drwxr-xr-x   - iitp supergroup          0 2018-08-30 15:55 pageRank
drwxr-xr-x   - iitp supergroup          0 2020-09-22 10:39 uber100
iitp@iitp-virtual-machine:~/hadoop-2.6.0/bin$ cd bikef
-bash: cd: bikef: No such file or directory
iitp@iitp-virtual-machine:~/hadoop-2.6.0/bin$ ./hadoop fs -rmr /bikef
rmr: DEPRECATED: Please use 'rm -r' instead.
20/10/08 17:15:02 INFO fs.TrashPolicyDefault: Namenode trash configuration: Deletion interval = 0 minutes, Emptier interval = 0 minutes.
Deleted /bikef
iitp@iitp-virtual-machine:~/hadoop-2.6.0/bin$ ./hadoop fs -mkdir /bikef
iitp@iitp-virtual-machine:~/hadoop-2.6.0/bin$ ./hadoop fs -mkdir /bikef/inputdata
iitp@iitp-virtual-machine:~/hadoop-2.6.0/bin$ ./hadoop dfs -put /home/iitp/bikef/inputdata /bikef/inputdata
DEPRECATED: Use of this script to execute hdfs command is deprecated.
Instead use the hdfs command for it.

iitp@iitp-virtual-machine:~/hadoop-2.6.0/bin$ ls
container-executor  hadoop  hadoop.cmd  hdfs  hdfs.cmd  mapred  mapred.cmd  rcc  test-container-executor  vowelword  vw.jar  yarn  yarn.cmd
iitp@iitp-virtual-machine:~/hadoop-2.6.0/bin$ ./hadoop fs -ls
Found 5 items
drwxr-xr-x   - iitp supergroup          0 2020-09-22 01:44 bike
drwxr-xr-x   - iitp supergroup          0 2020-10-08 16:04 bikef
drwxr-xr-x   - iitp supergroup          0 2020-09-22 01:31 inputdata
drwxr-xr-x   - iitp supergroup          0 2018-08-30 15:55 pageRank
drwxr-xr-x   - iitp supergroup          0 2020-09-22 10:39 uber100
iitp@iitp-virtual-machine:~/hadoop-2.6.0/bin$ cd bikef
-bash: cd: bikef: No such file or directory
iitp@iitp-virtual-machine:~/hadoop-2.6.0/bin$ bikef
bikef: command not found
iitp@iitp-virtual-machine:~/hadoop-2.6.0/bin$ cd /home/iitp/bikef
iitp@iitp-virtual-machine:~/bikef$ ls
inputdata  Top5StartStn.class  Top5Startstn.java  Top5StartStn.java  Top5StartStn$SReducer.class  Top5StartStn$TMapper.class
iitp@iitp-virtual-machine:~/bikef$ cd /home/iitp/hadoop-2.6.0/bin
iitp@iitp-virtual-machine:~/hadoop-2.6.0/bin$ export HADOOP_CLASSPATH=/usr/lib/jvm/java-1.8.0-openjdk-amd64/lib/tools.jar
iitp@iitp-virtual-machine:~/hadoop-2.6.0/bin$ ./hadoop com.sun.tools.javac.Main /home/iitp/bikef/Top5StartStn.java
iitp@iitp-virtual-machine:~/hadoop-2.6.0/bin$ cd /home/iitp/bikef
iitp@iitp-virtual-machine:~/bikef$ jar cf T5SS.jConnection reset by 172.16.27.178 port 22

C:\Users\hp>ssh iitp@172.16.27.178
ssh: connect to host 172.16.27.178 port 22: Invalid argument

C:\Users\hp>ssh iitp@172.16.27.178
iitp@172.16.27.178's password:
Welcome to Ubuntu 16.04.4 LTS (GNU/Linux 4.15.0-118-generic x86_64)

 * Documentation:  https://help.ubuntu.com
 * Management:     https://landscape.canonical.com
 * Support:        https://ubuntu.com/advantage

153 packages can be updated.
1 update is a security update.

New release '18.04.5 LTS' available.
Run 'do-release-upgrade' to upgrade to it.

Last login: Thu Oct  8 16:59:32 2020 from 192.168.101.103
iitp@iitp-virtual-machine:~$ cd /home/iitp/hadoop-2.6.0/sbin
iitp@iitp-virtual-machine:~/hadoop-2.6.0/sbin$ ./start-all.sh
This script is Deprecated. Instead use start-dfs.sh and start-yarn.sh
Starting namenodes on [localhost]
iitp@localhost's password:
localhost: packet_write_wait: Connection to 127.0.0.1 port 22: Broken pipe
iitp@localhost's password:
localhost: datanode running as process 8760. Stop it first.
Starting secondary namenodes [0.0.0.0]
iitp@0.0.0.0's password:
0.0.0.0: secondarynamenode running as process 9061. Stop it first.
starting yarn daemons
resourcemanager running as process 9202. Stop it first.
iitp@localhost's password:
localhost: nodemanager running as process 9618. Stop it first.
iitp@iitp-virtual-machine:~/hadoop-2.6.0/sbin$ cd /home/iitp/hadoop-2.6.0/bin
iitp@iitp-virtual-machine:~/hadoop-2.6.0/bin$ ./hadoop com.sun.tools.javac.Main /home/iitp/bikef/Top5StartStn.java
Error: Could not find or load main class com.sun.tools.javac.Main
iitp@iitp-virtual-machine:~/hadoop-2.6.0/bin$ export HADOOP_CLASSPATH=/usr/lib/jvm/java-1.8.0-openjdk-amd64/lib/tools.jar
iitp@iitp-virtual-machine:~/hadoop-2.6.0/bin$ cd /home/iitp/hadoop-2.6.0/bin
iitp@iitp-virtual-machine:~/hadoop-2.6.0/bin$ ./hadoop com.sun.tools.javac.Main /home/iitp/bikef/Top5StartStn.java
iitp@iitp-virtual-machine:~/hadoop-2.6.0/bin$ cd /home/iitp/bikef
iitp@iitp-virtual-machine:~/bikef$ jar cf T5SS.jar Top5StartStn*.class
iitp@iitp-virtual-machine:~/bikef$ cd /home/iitp/hadoop-2.6.0/bin
iitp@iitp-virtual-machine:~/hadoop-2.6.0/bin$ ./hadoop jar /home/iitp/bikef/T5SS.jar Top5StartStn /bikef/inputdata/ /bikef/outputdata
20/10/08 17:43:06 INFO client.RMProxy: Connecting to ResourceManager at /0.0.0.0:8032
20/10/08 17:43:06 WARN mapreduce.JobSubmitter: Hadoop command-line option parsing not performed. Implement the Tool interface and execute your application with ToolRunner to remedy this.
20/10/08 17:43:07 INFO input.FileInputFormat: Total input paths to process : 1
20/10/08 17:43:07 INFO mapreduce.JobSubmitter: number of splits:1
20/10/08 17:43:07 INFO mapreduce.JobSubmitter: Submitting tokens for job: job_1602133726714_0003
20/10/08 17:43:07 INFO impl.YarnClientImpl: Submitted application application_1602133726714_0003
20/10/08 17:43:07 INFO mapreduce.Job: The url to track the job: http://iitp-virtual-machine:8088/proxy/application_1602133726714_0003/
20/10/08 17:43:07 INFO mapreduce.Job: Running job: job_1602133726714_0003
20/10/08 17:43:14 INFO mapreduce.Job: Job job_1602133726714_0003 running in uber mode : false
20/10/08 17:43:14 INFO mapreduce.Job:  map 0% reduce 0%
20/10/08 17:43:22 INFO mapreduce.Job:  map 100% reduce 0%
20/10/08 17:43:28 INFO mapreduce.Job:  map 100% reduce 100%
20/10/08 17:43:28 INFO mapreduce.Job: Job job_1602133726714_0003 completed successfully
20/10/08 17:43:28 INFO mapreduce.Job: Counters: 49
        File System Counters
                FILE: Number of bytes read=1219
                FILE: Number of bytes written=213217
                FILE: Number of read operations=0
                FILE: Number of large read operations=0
                FILE: Number of write operations=0
                HDFS: Number of bytes read=75230011
                HDFS: Number of bytes written=1166
                HDFS: Number of read operations=6
                HDFS: Number of large read operations=0
                HDFS: Number of write operations=2
        Job Counters
                Launched map tasks=1
                Launched reduce tasks=1
                Data-local map tasks=1
                Total time spent by all maps in occupied slots (ms)=5351
                Total time spent by all reduces in occupied slots (ms)=3478
                Total time spent by all map tasks (ms)=5351
                Total time spent by all reduce tasks (ms)=3478
                Total vcore-seconds taken by all map tasks=5351
                Total vcore-seconds taken by all reduce tasks=3478
                Total megabyte-seconds taken by all map tasks=5479424
                Total megabyte-seconds taken by all reduce tasks=3561472
        Map-Reduce Framework
                Map input records=404960
                Map output records=404960
                Map output bytes=8082420
                Map output materialized bytes=1219
                Input split bytes=112
                Combine input records=404960
                Combine output records=54
                Reduce input groups=54
                Reduce shuffle bytes=1219
                Reduce input records=54
                Reduce output records=54
                Spilled Records=108
                Shuffled Maps =1
                Failed Shuffles=0
                Merged Map outputs=1
                GC time elapsed (ms)=134
                CPU time spent (ms)=2600
                Physical memory (bytes) snapshot=325251072
                Virtual memory (bytes) snapshot=3761971200
                Total committed heap usage (bytes)=222429184
        Shuffle Errors
                BAD_ID=0
                CONNECTION=0
                IO_ERROR=0
                WRONG_LENGTH=0
                WRONG_MAP=0
                WRONG_REDUCE=0
        File Input Format Counters
                Bytes Read=75229899
        File Output Format Counters
                Bytes Written=1166
iitp@iitp-virtual-machine:~/hadoop-2.6.0/bin$ ./hadoop fs -cat /uber/outputdata/part-r-00000 | sort -t$'\t' -k2 -n -r | head -n5
cat: `/uber/outputdata/part-r-00000': No such file or directory
iitp@iitp-virtual-machine:~/hadoop-2.6.0/bin$
iitp@iitp-virtual-machine:~/hadoop-2.6.0/bin$ ./hadoop fs -cat /bikef/outputdata/part-r-00000 | sort -t$'\t' -k2 -n -r | head -n5
"Grove St PATH" 46662
"Hamilton Park" 24106
"Sip Ave"       19086
"Harborside"    17877
"Newport PATH"  17370
iitp@iitp-virtual-machine:~/hadoop-2.6.0/bin$